[2025-03-11 15:17:20] merlin-logger.DEBUG: The welcome step has been displayed [] []
[2025-03-11 15:17:27] merlin-logger.DEBUG: The license activation step has been displayed [] []
[2025-03-11 15:17:33] merlin-logger.DEBUG: The plugin installation step has been displayed [] []
[2025-03-11 15:17:58] merlin-logger.DEBUG: The content import step has been displayed [] []
[2025-03-11 15:18:08] merlin-logger.DEBUG: The plugin installation step has been displayed [] []
[2025-03-11 15:18:11] merlin-logger.DEBUG: The content import step has been displayed [] []
[2025-03-11 15:18:15] merlin-logger.DEBUG: The plugin installation step has been displayed [] []
[2025-03-11 15:18:20] merlin-logger.DEBUG: A plugin with the following data will be processed {"plugin_slug":"booked","message":"Installing"} []
[2025-03-11 15:18:21] merlin-logger.DEBUG: A plugin with the following data will be processed {"plugin_slug":"booked","message":"Installing"} []
[2025-03-11 15:18:21] merlin-logger.DEBUG: A plugin with the following data will be processed {"plugin_slug":"bravis-addons","message":"Installing"} []
[2025-03-11 15:18:22] merlin-logger.DEBUG: A plugin with the following data will be processed {"plugin_slug":"bravis-addons","message":"Installing"} []
[2025-03-11 15:18:23] merlin-logger.DEBUG: A plugin with the following data will be processed {"plugin_slug":"contact-form-7","message":"Installing"} []
[2025-03-11 15:18:24] merlin-logger.DEBUG: A plugin with the following data will be processed {"plugin_slug":"contact-form-7","message":"Installing"} []
[2025-03-11 15:18:25] merlin-logger.DEBUG: A plugin with the following data will be processed {"plugin_slug":"elementor","message":"Installing"} []
[2025-03-11 15:18:26] merlin-logger.DEBUG: A plugin with the following data will be processed {"plugin_slug":"elementor","message":"Installing"} []
[2025-03-11 15:18:26] merlin-logger.DEBUG: A plugin with the following data will be processed {"plugin_slug":"one-user-avatar","message":"Installing"} []
[2025-03-11 15:18:28] merlin-logger.DEBUG: A plugin with the following data will be processed {"plugin_slug":"one-user-avatar","message":"Installing"} []
[2025-03-11 15:18:28] merlin-logger.DEBUG: A plugin with the following data will be processed {"plugin_slug":"redux-framework","message":"Installing"} []
[2025-03-11 15:18:30] merlin-logger.DEBUG: A plugin with the following data will be processed {"plugin_slug":"redux-framework","message":"Installing"} []
[2025-03-11 15:18:30] merlin-logger.DEBUG: A plugin with the following data will be processed {"plugin_slug":"woocommerce","message":"Installing"} []
[2025-03-11 15:18:31] merlin-logger.DEBUG: A plugin with the following data will be processed {"plugin_slug":"woocommerce","message":"Installing"} []
[2025-03-11 15:18:32] merlin-logger.DEBUG: A plugin with the following data will be processed {"plugin_slug":"ultimate-addons-for-contact-form-7","message":"Installing"} []
[2025-03-11 15:18:33] merlin-logger.DEBUG: A plugin with the following data will be processed {"plugin_slug":"ultimate-addons-for-contact-form-7","message":"Installing"} []
[2025-03-11 15:18:34] merlin-logger.DEBUG: A plugin with the following data will be processed {"plugin_slug":"woo-smart-compare","message":"Installing"} []
[2025-03-11 15:18:35] merlin-logger.DEBUG: A plugin with the following data will be processed {"plugin_slug":"woo-smart-compare","message":"Installing"} []
[2025-03-11 15:18:36] merlin-logger.DEBUG: A plugin with the following data will be processed {"plugin_slug":"cf7-cost-calculator-price-calculation","message":"Installing"} []
[2025-03-11 15:18:37] merlin-logger.DEBUG: A plugin with the following data will be processed {"plugin_slug":"cf7-cost-calculator-price-calculation","message":"Installing"} []
[2025-03-11 15:18:37] merlin-logger.DEBUG: A plugin with the following data will be processed {"plugin_slug":"revslider","message":"Installing"} []
[2025-03-11 15:18:39] merlin-logger.DEBUG: A plugin with the following data will be processed {"plugin_slug":"revslider","message":"Installing"} []
[2025-03-11 15:18:39] merlin-logger.DEBUG: A plugin with the following data will be processed {"plugin_slug":"woo-smart-wishlist","message":"Installing"} []
[2025-03-11 15:18:40] merlin-logger.DEBUG: A plugin with the following data will be processed {"plugin_slug":"woo-smart-wishlist","message":"Installing"} []
[2025-03-11 15:18:45] merlin-logger.DEBUG: The content import step has been displayed [] []
[2025-03-11 15:18:48] merlin-logger.DEBUG: The final step has been displayed [] []
